[
  {
    "blockchain_id": 65536,
    "market_id": 65793,
    "timestamp": 1646439722,
    "event_type": 3,
    "token_key": "FeKXZ2RmarLQ2CKd27sp96nH7cd8EWX1torCVDMTc42Y",
    "price": 5600000000,
    "owner": "",
    "buyer": "4KT2kb2vEoqfWahQLPMayJHaCrV65nzYsdTH2ZRAP6Uv",
    "transaction_hash": "2ArYRUnN5WMezmi3xEtQChRvZ8bRUvX39omMaRUDwNxjZccMNXyE3GjJLx6WJGPSojrnd8vvQxGWSTkpYgwm3BxM",
    "data": null
  },
  {
    "blockchain_id": 65536,
    "market_id": 65793,
    "timestamp": 1646439722,
    "event_type": 5,
    "token_key": "EsMtfdF21DVEVrrKLVQmP57296TPFU6tee5ZfEPZWD5f",
    "price": 1750000000,
    "owner": "",
    "buyer": "PPkWPizhmAFenjZFq2tRdfVCBzdTtUGBVmQKUW8yNub",
    "transaction_hash": "2Ea1Sm7cty1VGRe4YH2GKuvpRK2J7RXqRo8tS31XN5DdV9dMUPyEFsJtM5jrsk2PQic8DHracCQ7nUnEXhXm3nSv",
    "data": null
  },
  {
    "blockchain_id": 65536,
    "market_id": 65793,
    "timestamp": 1646439726,
    "event_type": 7,
    "token_key": "72u91eBRGfo3vdibr5Vj7TfgZznqdXeNCrCirTXacKn9",
    "price": 0,
    "owner": "",
    "buyer": "8KrinSweJgrGG8udCL2B1TnQCPbLwKoeeyBL74Xe9ZCL",
    "transaction_hash": "2RRuKcBhFRuzxgBBYr3gPk8WBqemRHQ1mNnRnHaPG2MFqCegSJyL7r4RPhfJgoCSA5GZRuCVAJwoRgiUUoHJMvsL",
    "data": null
  },
  {
    "blockchain_id": 65536,
    "market_id": 65793,
    "timestamp": 1646439719,
    "event_type": 3,
    "token_key": "9D5S5jX6KxbqwNo4baU72JnWk11RcWQuKfSMtcf2xKek",
    "price": 6000000000,
    "owner": "",
    "buyer": "82hqVQ9oSuFZqwmuL1KYym2xVf17woSM2AaixpmbuLCv",
    "transaction_hash": "2oS9c9wSDWRWtymjwW4txLiokyge3FbvsiJRbApBhWHBoxSdtfY1Ki6XaCYQrhmHe4dgnuJa1zciMeqS9gCq6PeY",
    "data": null
  },
  {
    "blockchain_id": 65536,
    "market_id": 65793,
    "timestamp": 1646439719,
    "event_type": 2,
    "token_key": "Gy55cFsVpzDAHemmVAf1GBP5fFX6uGAsuSekUCPPu3pK",
    "price": 0,
    "owner": "7f3f4QsM1xyzn5QHRG7vQs8WVru8k7wJxaKhXVj2KjMz",
    "buyer": "",
    "transaction_hash": "3B6tzt18NbnTHAEsgktTFecShhJyzmRm71PUDGs8E1TsthVvWqbE3EAsUru5etfhjE9QbkpzVZyg4CbuVJzS5R86",
    "data": null
  },
  {
    "blockchain_id": 65536,
    "market_id": 65793,
    "timestamp": 1646439724,
    "event_type": 3,
    "token_key": "5R5HjQdSmtNeTD91QCoD62Qfnrjj5Sh5pVLD9aSapQg3",
    "price": 1700000000,
    "owner": "",
    "buyer": "4ogG3vT9GGNZGFhnnLLzhVjvTMEb27Uig2pSEhrnTLXD",
    "transaction_hash": "3FDNEE5n8tPyke5pzT2C7Sx44s7F7abdoJ51H8YTTZGXTajbyAmQ3ooeJUsoTgZCakB3kXhSHSaUFf9WcTAnuhpv",
    "data": null
  },
  {
    "blockchain_id": 65536,
    "market_id": 65793,
    "timestamp": 1646439720,
    "event_type": 4,
    "token_key": "F94fwYxSoKVeJZ8d5C1PuJ4JEXKRPp3CYg67EsQT7uos",
    "price": 50000000,
    "owner": "HkzXgcuUVQXLsKGKnwAzFbsedzn8VmE6hL4MK423LwQR",
    "buyer": "",
    "transaction_hash": "3FN8xLM1WqsEaWPGKfjViFoSzHvqNQrLeCHRqKxaNZtVzUCpLQd54X2c3yWSxZ3t27GQWstaHN8h3iSdVQvTfSh5",
    "data": null
  },
  {
    "blockchain_id": 65536,
    "market_id": 65793,
    "timestamp": 1646439726,
    "event_type": 1,
    "token_key": "jUu9n2vLzeffdJkGSe6hmSaHBUauN3HVkXG6Nrt3cis",
    "price": 411110000,
    "owner": "GStkkHBAxitjKHLA5nuQfpa2t9sY4iBVV2Bo4VzQPZ6F",
    "buyer": "",
    "transaction_hash": "3JvHQQJRRpa9BKTe4G14c2tuKhaW9xcVm6Uge8vifE3hv8aV9MQjfgGxBaFu5aBjJ1hF3j9AzPrgznxNWoKuKrDY",
    "data": null
  },
  {
    "blockchain_id": 65536,
    "market_id": 65793,
    "timestamp": 1646439725,
    "event_type": 4,
    "token_key": "FcYrbQKsg5RTtVc1Q8FK3dxjgnLvxW2QPY5jRGWi8FZN",
    "price": 1000000000,
    "owner": "GzwdegPzR7HXvtSDFHmTumqp4XoVpRE6C2h24xLahPxv",
    "buyer": "",
    "transaction_hash": "3grEFSdazm5hxVYczR3jbvw6cZrSGWYm9HwuFerDBd1e2rMeu5Bvzu7CQGThd78gf8zN7q66BFw6UKyYDHfQ28S9",
    "data": null
  },
  {
    "blockchain_id": 65536,
    "market_id": 65793,
    "timestamp": 1646439722,
    "event_type": 3,
    "token_key": "Hn1wT629HvxzoJWQ63rp4Uy8RLU6gS1RYS16gQPFQ3jT",
    "price": 1700000000,
    "owner": "",
    "buyer": "5YFJVyVAHnmAdZBRUGXaSvzUhEdahhyDgBbMMcrs7znA",
    "transaction_hash": "4ESbi7VizShSvaVTasK8w2bvyaZ3w15AWNGDsiy2RChmW4oHUhsWcpe66hCdcXFitqSph5H924NZ9Puzc5ukyKvG",
    "data": null
  },
  {
    "blockchain_id": 65536,
    "market_id": 65793,
    "timestamp": 1646439722,
    "event_type": 1,
    "token_key": "aQfLowNLLVA9hFyYbYiYiaNJu3xzkR5v6HTaxCEkY56",
    "price": 240000000,
    "owner": "7SSRo2MZQ1F8CV39FjxanEKJna4tUDfRaWafRkZFmaaG",
    "buyer": "",
    "transaction_hash": "4SAHE5dZiwuEv7F3EdnQ5KrRpA4oPuknr7AakdeMP5WkH1sEXJz6mUkA7QADuqcsfj5n2SQAmpX69N39ZvhxJZ1i",
    "data": null
  },
  {
    "blockchain_id": 65536,
    "market_id": 65793,
    "timestamp": 1646439728,
    "event_type": 4,
    "token_key": "8pQ5WAeh45xAeLfUQHbCjEFMyYysc9jrA2e4Yrfv9NNk",
    "price": 4450000000,
    "owner": "ApQTqfJ4WU71hfvFs1eH1ZbNbsMgRWMUEFDf3ZssNpq1",
    "buyer": "",
    "transaction_hash": "4WB8Dkb4h55TaQhso4iXeNJhbzeiKmKYmtHhQ1KYDB1fhKkJbSSyfnBRd6GCz3hKzLcCqVLswygJuCVjAaWs3ZFC",
    "data": null
  },
  {
    "blockchain_id": 65536,
    "market_id": 65793,
    "timestamp": 1646439727,
    "event_type": 2,
    "token_key": "3wvgQJJbPaadfMRMrpY3i9qN2rFZDReuJJRQN7jXnr34",
    "price": 0,
    "owner": "9Hu5sq6HM4hHsy3hGcp5hiKkjays3LVXoodUAXYyxSDE",
    "buyer": "",
    "transaction_hash": "4WFtRQ9GqCQ9XzgEsQd8PtyEDToV7iPqjxwKjN3D1E5BrPaKch873orCtWHszddLSzKVwQsJ1JL9y7eqiqsSeFNy",
    "data": null
  },
  {
    "blockchain_id": 65536,
    "market_id": 65793,
    "timestamp": 1646439726,
    "event_type": 3,
    "token_key": "HfPhGFoTS6z4qvatrDDiorCVZ2aWzWs3rUe6BoMyCwvU",
    "price": 400000000,
    "owner": "",
    "buyer": "4Eq2E4bY33WfbYLY9EGu9T2coP1KZeKaEo7UcohCHMJ4",
    "transaction_hash": "4a91RhTR9Vy7kfcSGDKQfusmNKfoWsyxRGK1XYCN4cJoBt8idk62zVzvWUNM4Jdx5Whje2V8FuP2dHmgeYTB5yLR",
    "data": null
  },
  {
    "blockchain_id": 65536,
    "market_id": 65793,
    "timestamp": 1646439718,
    "event_type": 4,
    "token_key": "5KFGh54pfMfL6anC3g9C2m21qKj54SrpQ9XZtMRrk97n",
    "price": 300000000,
    "owner": "28ekzMKGu5N6XGfUhutBrEZZte3mmmJ1rz3Pg65Y63vD",
    "buyer": "",
    "transaction_hash": "4poaHUiYYgQACjttraD79SZeWdrgCyEuhH3g2Y5FXwVmr8uSwhN87kAWbsgE1GhQ9m9LuVwJpP5fbp8JWHbtDq7S",
    "data": null
  },
  {
    "blockchain_id": 65536,
    "market_id": 65793,
    "timestamp": 1646439729,
    "event_type": 2,
    "token_key": "DCfTogPg8w6iQfwirUwmd98KbaWsuyo9xjgQRxFfjART",
    "price": 0,
    "owner": "47SGfNvUbzgZzX8dcsN88zSAjDxsiyDtikCwRZewu881",
    "buyer": "",
    "transaction_hash": "5KPidSeMDRKmKPisnTeYNfAzH1gmiinGbDdAEQ6Z3pNfm67EbD5nsg4C9SA7zMsPnAbhXpNEsVF5B22UzW9FFNB7",
    "data": null
  },
  {
    "blockchain_id": 65536,
    "market_id": 65793,
    "timestamp": 1646439719,
    "event_type": 3,
    "token_key": "J857ByX8N352MSH2ZqHDqdAvB2piUvz2tKyAX9VzCK9x",
    "price": 1900000000,
    "owner": "",
    "buyer": "Ha3kTRzbGQcuyRemqKDdbrGokeQZHfGpoqcZmocaJH69",
    "transaction_hash": "5NZEPjjaJau2PVXUZoedtyLbSQpJcAcDuyC9kRmqvmAq4ma9tdubHvNBFbev6TrkohFfzNvrtZFbsrUV7VyfQmJC",
    "data": null
  },
  {
    "blockchain_id": 65536,
    "market_id": 65793,
    "timestamp": 1646439726,
    "event_type": 2,
    "token_key": "HToiSJk8nDtvdfJVtpnbUuFgoyMK6gXGCT1JNDuXNZdd",
    "price": 0,
    "owner": "GcB1accS9xdjnybuhRWkpW1tNyS3FZQc776ua9rMVSPz",
    "buyer": "",
    "transaction_hash": "5RnbZzhZ5MKxeNfb7npHKRKZcvqNWvPM96ZxRBbkGvA2C8k89wqxJVR6P9UK7GXQBAAmtpYAYB9hmJtN8cWeSc7e",
    "data": null
  },
  {
    "blockchain_id": 65536,
    "market_id": 65793,
    "timestamp": 1646439722,
    "event_type": 1,
    "token_key": "DhhUKd3ST8dBvrEiuQwuLXnFHwbCBNnAcidqt9oPmx7",
    "price": 480000000,
    "owner": "CC9BBWbyWb2EtHHZqzb1LxmQDMXyoDZXRHWgoG1PnT7X",
    "buyer": "",
    "transaction_hash": "5fMeLqxS2sb2dshb8fkE8TWakBsurfTJH8QDUwP99gDEM7dYkMUsFL4KMwsZMfHf6yEUCR6qp28Amz2ssf2x9jBD",
    "data": null
  },
  {
    "blockchain_id": 65536,
    "market_id": 65793,
    "timestamp": 1646439723,
    "event_type": 1,
    "token_key": "qxHJQvXmroAscESHu5fuAEhUE8qWZNbpEhX5SYdAtMz",
    "price": 1249000000,
    "owner": "FWjnc6yoapiShmYWRgCq8Aes2RT5CNGXwQ77B6gXzRTL",
    "buyer": "",
    "transaction_hash": "5tCLkM2QwJAWadK2JFVC5yoid23DaZ4uxC4dJbAKV8PovAiZV8BJhJKnwto4SQxdox8t6M6kBb1WwCe4nqD7pZ4a",
    "data": null
  },
  {
    "blockchain_id": 65536,
    "market_id": 65793,
    "timestamp": 1646439726,
    "event_type": 5,
    "token_key": "Rh6vmeYsX7LpHiKTDLNz376rzndUNG2JmnFr9bzqwtW",
    "price": 1400000000,
    "owner": "",
    "buyer": "ArVaTvNyBgX35ffr6PWeBJn6HybgQ7QCp5xrvCrQDPSk",
    "transaction_hash": "5vFH1jYW5QB2J6o3Jxq15WH6Ym8hsBA6yMAdcvtFFEfxLSU5mqqN6PAtu9iig9zXwTYB4ahY1NK2Y8nRHB9UYeu6",
    "data": null
  },
  {
    "blockchain_id": 65536,
    "market_id": 65793,
    "timestamp": 1646439722,
    "event_type": 5,
    "token_key": "4uqPth772rkpNc2ngG2ZuSYK6FT1iGK77PKqSGWduHHH",
    "price": 5000000000,
    "owner": "",
    "buyer": "8ZRaHpHtAnscX9HKsk5hRTqTLGgMB4kHSQE5NiGeQN1B",
    "transaction_hash": "5vSeUAcwBTMwfvbY3325b8jKKBbgEuVokt3YE1v1Q3wW3N8BTdKr6PRac7qDkd8RFcAzsEWKWqdJdBceeTrLxTzN",
    "data": null
  },
  {
    "blockchain_id": 65536,
    "market_id": 65793,
    "timestamp": 1646439719,
    "event_type": 3,
    "token_key": "Gh8cknCR8AQ3Bs1ut7dnEBgFNi3ru6YTMpyEXwopHPVc",
    "price": 150000000,
    "owner": "",
    "buyer": "7W94qDuodqtA3rQnZbvxEgeqYiWdVZ6QLm5wb5cxCxiP",
    "transaction_hash": "8gYvsoTLkpCSgDiTwC4E5QbSYVrQJq3C6QNxi6BRp2nQo6UrEEs1E337GJE1ZijJC9wx2FLccsdU7WB4HMxcFhW",
    "data": null
  },
  {
    "blockchain_id": 65536,
    "market_id": 65793,
    "timestamp": 1646439717,
    "event_type": 5,
    "token_key": "Fycvojimn2SQj8BhA5sLeEdBywgSaKqST9LhxtS8xAcC",
    "price": 1110000000,
    "owner": "",
    "buyer": "ADmu2pr2WEcrjspRKEj7Cap3yvtKix9wUsNVr5j27pge",
    "transaction_hash": "g5sCHyeZPFpFSBnt1SPq4qQJuu1cGwjVyZpv4MidfzYUngJgpKrgvYpNZXsPmVitSkCTw4YHUF2ja75C4kuvogP",
    "data": null
  }
]